// Jest Snapshot v1, https://goo.gl/fbAQLP

exports[`InputFormGroup is rendered properly 1`] = `
<div
  className="InputFormGroup"
  style={
    Object {
      "width": "100%",
    }
  }
>
  <label
    className="Label"
    htmlFor="input-name"
  >
    input label
  </label>
  <input
    className="Input"
    id="input-name"
    name="input-name"
    onChange={[Function]}
    value="read-only"
  />
</div>
`;
