// Jest Snapshot v1, https://goo.gl/fbAQLP

exports[`ArticleForm renders the article form when it exists 1`] = `
"<div class=\\"ArticleForm\\">
  <form class=\\"Form\\">
    <div class=\\"InputFormGroup\\" style=\\"margin-bottom: 1rem;\\"><label class=\\"Label\\" for=\\"title\\">Title</label><input name=\\"title\\" id=\\"title\\" class=\\"Input\\" value=\\"title\\"></div>
    <div class=\\"TextAreaFormGroup\\" style=\\"margin-bottom: 1rem;\\"><label class=\\"Label\\" for=\\"content\\">Content</label><textarea id=\\"content\\" class=\\"TextArea\\">content</textarea></div>
    <div class=\\"FormButtonsContainer\\"><button type=\\"button\\" class=\\"Button\\">Submit</button></div>
  </form>
</div>"
`;
