// Jest Snapshot v1, https://goo.gl/fbAQLP

exports[`ArticleFull renders a 'error' message when an error happen during load 1`] = `"<div>An error happened, please try again later.</div>"`;

exports[`ArticleFull renders a 'not found' error when the article doesn't exist 1`] = `"<div>This article doesn't exist.</div>"`;

exports[`ArticleFull renders the article when it exists 1`] = `
"<div class=\\"ArticleFull\\">
  <h2 class=\\"TitleLevel2\\" style=\\"margin-bottom: 1rem;\\">title</h2>
  <div class=\\"ArticleFull__editionLink\\"><a class=\\"AppLink\\" href=\\"/article/undefined/edit\\">Edit</a></div>
  <div class=\\"ArticleFull__content\\">content</div>
</div>"
`;
