// Jest Snapshot v1, https://goo.gl/fbAQLP

exports[`ArticleList renders the article list when there are 3 articles and user is logged in 1`] = `
"<div class=\\"ArticleList\\">
  <div class=\\"ArticleSummary\\" style=\\"margin: 1rem 0px;\\">
    <div class=\\"ArticleSummary__title\\"><a class=\\"AppLink AppLink--blue\\" href=\\"/article/id0\\">title0</a></div>
    <div class=\\"ArticleSummary__publication_time\\">Published on Dec 19, 2020, 5:48 AM</div>
    <div class=\\"ArticleSummary__author\\">by username</div>
    <div class=\\"ArticleSummary__content\\">content0</div>
  </div>
  <div class=\\"ArticleSummary\\" style=\\"margin: 1rem 0px;\\">
    <div class=\\"ArticleSummary__title\\"><a class=\\"AppLink AppLink--blue\\" href=\\"/article/id1\\">title1</a></div>
    <div class=\\"ArticleSummary__publication_time\\">Published on Dec 19, 2020, 5:48 AM</div>
    <div class=\\"ArticleSummary__author\\">by username</div>
    <div class=\\"ArticleSummary__content\\">content1</div>
  </div>
  <div class=\\"ArticleSummary\\" style=\\"margin: 1rem 0px;\\">
    <div class=\\"ArticleSummary__title\\"><a class=\\"AppLink AppLink--blue\\" href=\\"/article/id2\\">title2</a></div>
    <div class=\\"ArticleSummary__publication_time\\">Published on Dec 19, 2020, 5:48 AM</div>
    <div class=\\"ArticleSummary__author\\">by username</div>
    <div class=\\"ArticleSummary__content\\">content2</div>
  </div>
</div>"
`;

exports[`ArticleList renders the article list when there are 3 articles and user is logged out 1`] = `
"<div class=\\"ArticleList\\">
  <div class=\\"ArticleSummary\\" style=\\"margin: 1rem 0px;\\">
    <div class=\\"ArticleSummary__title\\"><a class=\\"AppLink AppLink--blue\\" href=\\"/article/id0\\">title0</a></div>
    <div class=\\"ArticleSummary__publication_time\\">Published on Dec 19, 2020, 5:48 AM</div>
    <div class=\\"ArticleSummary__author\\">by username</div>
    <div class=\\"ArticleSummary__content\\">content0</div>
  </div>
  <div class=\\"ArticleSummary\\" style=\\"margin: 1rem 0px;\\">
    <div class=\\"ArticleSummary__title\\"><a class=\\"AppLink AppLink--blue\\" href=\\"/article/id1\\">title1</a></div>
    <div class=\\"ArticleSummary__publication_time\\">Published on Dec 19, 2020, 5:48 AM</div>
    <div class=\\"ArticleSummary__author\\">by username</div>
    <div class=\\"ArticleSummary__content\\">content1</div>
  </div>
  <div class=\\"ArticleSummary\\" style=\\"margin: 1rem 0px;\\">
    <div class=\\"ArticleSummary__title\\"><a class=\\"AppLink AppLink--blue\\" href=\\"/article/id2\\">title2</a></div>
    <div class=\\"ArticleSummary__publication_time\\">Published on Dec 19, 2020, 5:48 AM</div>
    <div class=\\"ArticleSummary__author\\">by username</div>
    <div class=\\"ArticleSummary__content\\">content2</div>
  </div>
</div>"
`;
